0:0 Encoder thread 0 sleeps.
0:75 Encoder thread 0 wakes
0:100 Encoder thread 0 sleeps.
0:150 Encoder thread 0 wakes

